sort xs1 (program 1.0.0 (\i0 -> \i0 -> i2 1 (\i0 -> \i0 -> i2 2 (\i0 -> \i0 -> i2 3 (\i0 -> \i0 -> i2 4 (\i0 -> \i0 -> i2 5 (\i0 -> \i0 -> i2 6 (\i0 -> \i0 -> i2 7 (\i0 -> \i0 -> i2 8 (\i0 -> \i0 -> i2 9 (\i0 -> \i0 -> i2 10 (\i0 -> \i0 -> force i1))))))))))))
sort xs2 (program 1.0.0 (\i0 -> \i0 -> i2 1 (\i0 -> \i0 -> i2 2 (\i0 -> \i0 -> i2 3 (\i0 -> \i0 -> i2 4 (\i0 -> \i0 -> i2 5 (\i0 -> \i0 -> i2 6 (\i0 -> \i0 -> i2 7 (\i0 -> \i0 -> i2 8 (\i0 -> \i0 -> i2 9 (\i0 -> \i0 -> i2 10 (\i0 -> \i0 -> force i1))))))))))))
sort xs3 (program 1.0.0 (\i0 -> \i0 -> i2 1 (\i0 -> \i0 -> i2 2 (\i0 -> \i0 -> i2 3 (\i0 -> \i0 -> i2 4 (\i0 -> \i0 -> i2 5 (\i0 -> \i0 -> i2 6 (\i0 -> \i0 -> i2 7 (\i0 -> \i0 -> i2 8 (\i0 -> \i0 -> i2 9 (\i0 -> \i0 -> i2 10 (\i0 -> \i0 -> i2 11 (\i0 -> \i0 -> i2 12 (\i0 -> \i0 -> i2 13 (\i0 -> \i0 -> i2 14 (\i0 -> \i0 -> i2 15 (\i0 -> \i0 -> i2 16 (\i0 -> \i0 -> i2 17 (\i0 -> \i0 -> i2 18 (\i0 -> \i0 -> i2 19 (\i0 -> \i0 -> i2 20 (\i0 -> \i0 -> force i1))))))))))))))))))))))