reverse_[1..5] (program 1.0.0 ((\i0 -> (\i0 -> (\i0 -> (\i0 -> (\i0 -> i2 (\i0 -> i2 i2 i1)) (\i0 -> i2 (\i0 -> i2 i2 i1))) (\i0 -> \i0 -> \i0 -> i1 (\i0 -> \i0 -> i5 (i6 i4 i2) i1) (delay i2))) (\i0 -> \i0 -> i4 i1 i2) (\i0 -> \i0 -> force i1) i1) (i1 1 (i1 2 (i1 3 (i1 4 (i1 5 (\i0 -> \i0 -> force i1))))))) (\i0 -> \i0 -> \i0 -> \i0 -> i2 i4 i3)))
reverse_[] (program 1.0.0 ((\i0 -> (\i0 -> (\i0 -> (\i0 -> i2 (\i0 -> i2 i2 i1)) (\i0 -> i2 (\i0 -> i2 i2 i1))) (\i0 -> \i0 -> \i0 -> i1 (\i0 -> \i0 -> i5 (i6 i4 i2) i1) (delay i2))) (\i0 -> \i0 -> \i0 -> \i0 -> i2 i3 i4) (\i0 -> \i0 -> force i1) i1) (\i0 -> \i0 -> force i1)))