sort xs1 {"exBudgetCPU":44103707,"exBudgetMemory":143837,"scriptSizeBytes":371}
sort xs2 {"exBudgetCPU":61739118,"exBudgetMemory":198675,"scriptSizeBytes":371}
sort xs3 {"exBudgetCPU":121240698,"exBudgetMemory":388735,"scriptSizeBytes":419}