find_(==3)_[1..4] (program 1.0.0 ((\i0 -> (\i0 -> (\i0 -> i2 (\i0 -> i2 i2 i1)) (\i0 -> i2 (\i0 -> i2 i2 i1))) (\i0 -> \i0 -> \i0 -> i1 (\i0 -> \i0 -> force (force ifThenElse (i4 i2) (delay (\i0 -> \i0 -> i2 i4)) (delay (i5 i4 i1)))) (delay (\i0 -> \i0 -> force i1))) (\i0 -> equalsInteger i1 3) (i1 1 (i1 2 (i1 3 (i1 4 (\i0 -> \i0 -> force i1)))))) (\i0 -> \i0 -> \i0 -> \i0 -> i2 i4 i3)))
find_(==5)_[1..4] (program 1.0.0 ((\i0 -> (\i0 -> (\i0 -> i2 (\i0 -> i2 i2 i1)) (\i0 -> i2 (\i0 -> i2 i2 i1))) (\i0 -> \i0 -> \i0 -> i1 (\i0 -> \i0 -> force (force ifThenElse (i4 i2) (delay (\i0 -> \i0 -> i2 i4)) (delay (i5 i4 i1)))) (delay (\i0 -> \i0 -> force i1))) (\i0 -> equalsInteger i1 5) (i1 1 (i1 2 (i1 3 (i1 4 (\i0 -> \i0 -> force i1)))))) (\i0 -> \i0 -> \i0 -> \i0 -> i2 i4 i3)))