elemAt 3 [1..10] {"exBudgetCPU":8885733,"exBudgetMemory":25516,"scriptSizeBytes":138}
elemAt 0 [1..10] {"exBudgetCPU":4039782,"exBudgetMemory":12604,"scriptSizeBytes":138}
elemAt 9 [1..10] {"exBudgetCPU":18577635,"exBudgetMemory":51340,"scriptSizeBytes":138}