elemAt 3 [1..10] (program 1.0.0 4)
elemAt 0 [1..10] (program 1.0.0 1)
elemAt 9 [1..10] (program 1.0.0 10)