find (== 3) [1..4] {"exBudgetCPU":5088068,"exBudgetMemory":15806,"scriptSizeBytes":89}
find (== 5) [1..4] {"exBudgetCPU":7190955,"exBudgetMemory":22408,"scriptSizeBytes":89}