elemAt_3_[1..10] (program 1.0.0 4)
elemAt_0_[1..10] (program 1.0.0 1)
elemAt_9_[1..10] (program 1.0.0 10)