sort_xs1 {"exBudgetCPU":114094232,"exBudgetMemory":371050,"scriptSizeBytes":214}
sort_xs2 {"exBudgetCPU":115880612,"exBudgetMemory":377050,"scriptSizeBytes":214}
sort_xs3 {"exBudgetCPU":282005503,"exBudgetMemory":913438,"scriptSizeBytes":262}