reverse [1..5] {"exBudgetCPU":7681534,"exBudgetMemory":25900,"scriptSizeBytes":90}
reverse [] {"exBudgetCPU":893290,"exBudgetMemory":3100,"scriptSizeBytes":59}