elemAt 3 [1..10] (program 1.0.0 ((\i0 -> (\i0 -> (\i0 -> \i0 -> force (i3 (lessThanInteger i2 0) (delay error) (delay ((\i0 -> (\i0 -> i2 (\i0 -> i2 i2 i1)) (\i0 -> i2 (\i0 -> i2 i2 i1))) (\i0 -> \i0 -> \i0 -> force (i6 (equalsInteger i2 0) (delay (i1 (\i0 -> \i0 -> i2) (delay error))) (delay (i3 (subtractInteger i2 1) (i1 (\i0 -> \i0 -> i1) (delay error)))))) i2 i1)))) 3 (i2 1 (i2 2 (i2 3 (i2 4 (i2 5 (i2 6 (i2 7 (i2 8 (i2 9 (i2 10 (\i0 -> \i0 -> force i1)))))))))))) (force ifThenElse)) (\i0 -> \i0 -> \i0 -> \i0 -> i2 i4 i3)))
elemAt 0 [1..10] (program 1.0.0 ((\i0 -> (\i0 -> (\i0 -> \i0 -> force (i3 (lessThanInteger i2 0) (delay error) (delay ((\i0 -> (\i0 -> i2 (\i0 -> i2 i2 i1)) (\i0 -> i2 (\i0 -> i2 i2 i1))) (\i0 -> \i0 -> \i0 -> force (i6 (equalsInteger i2 0) (delay (i1 (\i0 -> \i0 -> i2) (delay error))) (delay (i3 (subtractInteger i2 1) (i1 (\i0 -> \i0 -> i1) (delay error)))))) i2 i1)))) 0 (i2 1 (i2 2 (i2 3 (i2 4 (i2 5 (i2 6 (i2 7 (i2 8 (i2 9 (i2 10 (\i0 -> \i0 -> force i1)))))))))))) (force ifThenElse)) (\i0 -> \i0 -> \i0 -> \i0 -> i2 i4 i3)))
elemAt 9 [1..10] (program 1.0.0 ((\i0 -> (\i0 -> (\i0 -> \i0 -> force (i3 (lessThanInteger i2 0) (delay error) (delay ((\i0 -> (\i0 -> i2 (\i0 -> i2 i2 i1)) (\i0 -> i2 (\i0 -> i2 i2 i1))) (\i0 -> \i0 -> \i0 -> force (i6 (equalsInteger i2 0) (delay (i1 (\i0 -> \i0 -> i2) (delay error))) (delay (i3 (subtractInteger i2 1) (i1 (\i0 -> \i0 -> i1) (delay error)))))) i2 i1)))) 9 (i2 1 (i2 2 (i2 3 (i2 4 (i2 5 (i2 6 (i2 7 (i2 8 (i2 9 (i2 10 (\i0 -> \i0 -> force i1)))))))))))) (force ifThenElse)) (\i0 -> \i0 -> \i0 -> \i0 -> i2 i4 i3)))